warning: unused manifest key: target.cfg(target_os = "linux").rustflags
warning: unused manifest key: unstable
warning[E0133]: dereference of raw pointer is unsafe and requires unsafe block
  --> src/lib.rs:58:15
   |
58 |     let val = *raw;
   |               ^^^^ dereference of raw pointer
   |
   = note: raw pointers may be null, dangling or unaligned; they can violate aliasing rules and cause data races: all of these are undefined behavior
note: an unsafe function restricts its caller, but its body is safe by default
  --> src/lib.rs:55:1
   |
55 | pub unsafe fn use_after_free() -> i32 {
   | ^^^^^^^^^^^^^^^^^^^^^^^^^^^^^^^^^^^^^
   = note: for more information, see <https://doc.rust-lang.org/edition-guide/rust-2024/unsafe-op-in-unsafe-fn.html>
   = note: `#[warn(unsafe_op_in_unsafe_fn)]` (part of `#[warn(rust_2024_compatibility)]`) on by default

warning[E0133]: call to unsafe function `std::boxed::Box::<T>::from_raw` is unsafe and requires unsafe block
  --> src/lib.rs:59:10
   |
59 |     drop(Box::from_raw(raw));
   |          ^^^^^^^^^^^^^^^^^^ call to unsafe function
   |
   = note: consult the function's documentation for information on how to avoid undefined behavior
   = note: for more information, see <https://doc.rust-lang.org/edition-guide/rust-2024/unsafe-op-in-unsafe-fn.html>

warning[E0133]: dereference of raw pointer is unsafe and requires unsafe block
  --> src/lib.rs:60:11
   |
60 |     val + *raw
   |           ^^^^ dereference of raw pointer
   |
   = note: raw pointers may be null, dangling or unaligned; they can violate aliasing rules and cause data races: all of these are undefined behavior
   = note: for more information, see <https://doc.rust-lang.org/edition-guide/rust-2024/unsafe-op-in-unsafe-fn.html>

For more information about this error, try `rustc --explain E0133`.
warning: `broken-app` (lib) generated 3 warnings (run `cargo fix --lib -p broken-app` to apply 1 suggestion)
    Finished `test` profile [unoptimized + debuginfo] target(s) in 0.33s
     Running unittests src/lib.rs (repos/origin-of-broken-app-with-hot-fix/target/miri/x86_64-unknown-linux-gnu/debug/deps/broken_app-d281b66cdd83582c)
warning[E0133]: dereference of raw pointer is unsafe and requires unsafe block
  --> src/lib.rs:58:15
   |
58 |     let val = *raw;
   |               ^^^^ dereference of raw pointer
   |
   = note: raw pointers may be null, dangling or unaligned; they can violate aliasing rules and cause data races: all of these are undefined behavior
note: an unsafe function restricts its caller, but its body is safe by default
  --> src/lib.rs:55:1
   |
55 | pub unsafe fn use_after_free() -> i32 {
   | ^^^^^^^^^^^^^^^^^^^^^^^^^^^^^^^^^^^^^
   = note: for more information, see <https://doc.rust-lang.org/edition-guide/rust-2024/unsafe-op-in-unsafe-fn.html>
   = note: `#[warn(unsafe_op_in_unsafe_fn)]` (part of `#[warn(rust_2024_compatibility)]`) on by default

warning[E0133]: call to unsafe function `std::boxed::Box::<T>::from_raw` is unsafe and requires unsafe block
  --> src/lib.rs:59:10
   |
59 |     drop(Box::from_raw(raw));
   |          ^^^^^^^^^^^^^^^^^^ call to unsafe function
   |
   = note: consult the function's documentation for information on how to avoid undefined behavior
   = note: for more information, see <https://doc.rust-lang.org/edition-guide/rust-2024/unsafe-op-in-unsafe-fn.html>

warning[E0133]: dereference of raw pointer is unsafe and requires unsafe block
  --> src/lib.rs:60:11
   |
60 |     val + *raw
   |           ^^^^ dereference of raw pointer
   |
   = note: raw pointers may be null, dangling or unaligned; they can violate aliasing rules and cause data races: all of these are undefined behavior
   = note: for more information, see <https://doc.rust-lang.org/edition-guide/rust-2024/unsafe-op-in-unsafe-fn.html>


running 0 tests

test result: ok. 0 passed; 0 failed; 0 ignored; 0 measured; 0 filtered out; finished in 0.03s

     Running unittests src/bin/demo.rs (repos/origin-of-broken-app-with-hot-fix/target/miri/x86_64-unknown-linux-gnu/debug/deps/demo-d55ef124ecfa1cf6)

running 0 tests

test result: ok. 0 passed; 0 failed; 0 ignored; 0 measured; 0 filtered out; finished in 0.03s

     Running tests/integration.rs (repos/origin-of-broken-app-with-hot-fix/target/miri/x86_64-unknown-linux-gnu/debug/deps/integration-0cffcebc8fbb7693)

running 6 tests
test averages_only_positive ... ok
test counts_non_zero_bytes ... ok
test dedup_preserves_uniques ... ok
test fib_small_numbers ... ok
test normalize_simple ... ok
test sums_even_numbers ... ok

test result: ok. 6 passed; 0 failed; 0 ignored; 0 measured; 0 filtered out; finished in 0.70s

error: memory leaked: alloc46095 (Rust heap, size: 5, align: 1), allocated here:
   --> /home/svirsky/.rustup/toolchains/nightly-x86_64-unknown-linux-gnu/lib/rustlib/src/rust/library/alloc/src/alloc.rs:101:9
    |
101 |         __rust_alloc(layout.size(), layout.alignment())
    |         ^^^^^^^^^^^^^^^^^^^^^^^^^^^^^^^^^^^^^^^^^^^^^^^
    |
    = note: stack backtrace:
            0: std::alloc::alloc
                at /home/svirsky/.rustup/toolchains/nightly-x86_64-unknown-linux-gnu/lib/rustlib/src/rust/library/alloc/src/alloc.rs:101:9: 101:56
            1: std::alloc::Global::alloc_impl_runtime
                at /home/svirsky/.rustup/toolchains/nightly-x86_64-unknown-linux-gnu/lib/rustlib/src/rust/library/alloc/src/alloc.rs:210:73: 210:86
            2: std::alloc::Global::alloc_impl
                at /home/svirsky/.rustup/toolchains/nightly-x86_64-unknown-linux-gnu/lib/rustlib/src/rust/library/alloc/src/alloc.rs:332:9: 336:10
            3: <std::alloc::Global as std::alloc::Allocator>::allocate
                at /home/svirsky/.rustup/toolchains/nightly-x86_64-unknown-linux-gnu/lib/rustlib/src/rust/library/alloc/src/alloc.rs:449:9: 449:39
            4: alloc::raw_vec::RawVecInner::try_allocate_in
                at /home/svirsky/.rustup/toolchains/nightly-x86_64-unknown-linux-gnu/lib/rustlib/src/rust/library/alloc/src/raw_vec/mod.rs:465:41: 465:63
            5: alloc::raw_vec::RawVecInner::with_capacity_in
                at /home/svirsky/.rustup/toolchains/nightly-x86_64-unknown-linux-gnu/lib/rustlib/src/rust/library/alloc/src/raw_vec/mod.rs:434:15: 434:92
            6: alloc::raw_vec::RawVec::<u8>::with_capacity_in
                at /home/svirsky/.rustup/toolchains/nightly-x86_64-unknown-linux-gnu/lib/rustlib/src/rust/library/alloc/src/raw_vec/mod.rs:177:20: 177:77
            7: std::vec::Vec::<u8>::with_capacity_in
                at /home/svirsky/.rustup/toolchains/nightly-x86_64-unknown-linux-gnu/lib/rustlib/src/rust/library/alloc/src/vec/mod.rs:977:20: 977:61
            8: <u8 as std::slice::<impl [T]>::to_vec_in::ConvertVec>::to_vec::<std::alloc::Global>
                at /home/svirsky/.rustup/toolchains/nightly-x86_64-unknown-linux-gnu/lib/rustlib/src/rust/library/alloc/src/slice.rs:448:29: 448:62
            9: std::slice::<impl [u8]>::to_vec_in::<std::alloc::Global>
                at /home/svirsky/.rustup/toolchains/nightly-x86_64-unknown-linux-gnu/lib/rustlib/src/rust/library/alloc/src/slice.rs:400:16: 400:38
            10: std::slice::<impl [u8]>::to_vec
                at /home/svirsky/.rustup/toolchains/nightly-x86_64-unknown-linux-gnu/lib/rustlib/src/rust/library/alloc/src/slice.rs:376:9: 376:31
            11: broken_app::leak_buffer
                at src/lib.rs:21:17: 21:31
            12: counts_non_zero_bytes
                at tests/integration.rs:13:16: 13:34
            13: counts_non_zero_bytes::{closure#0}
                at tests/integration.rs:11:27: 11:27
            14: <{closure@tests/integration.rs:11:1: 14:2} as std::ops::FnOnce<()>>::call_once - shim
                at /home/svirsky/.rustup/toolchains/nightly-x86_64-unknown-linux-gnu/lib/rustlib/src/rust/library/core/src/ops/function.rs:250:5: 250:71
            15: <fn() -> std::result::Result<(), std::string::String> as std::ops::FnOnce<()>>::call_once - shim(fn() -> std::result::Result<(), std::string::String>)
                at /home/svirsky/.rustup/toolchains/nightly-x86_64-unknown-linux-gnu/lib/rustlib/src/rust/library/core/src/ops/function.rs:250:5: 250:71
            16: test::__rust_begin_short_backtrace::<std::result::Result<(), std::string::String>, fn() -> std::result::Result<(), std::string::String>>
                at /home/svirsky/.rustup/toolchains/nightly-x86_64-unknown-linux-gnu/lib/rustlib/src/rust/library/test/src/lib.rs:724:18: 724:21
            17: test::types::RunnableTest::run
                at /home/svirsky/.rustup/toolchains/nightly-x86_64-unknown-linux-gnu/lib/rustlib/src/rust/library/test/src/types.rs:145:40: 145:71
            18: test::run_test_in_process::{closure#0}
                at /home/svirsky/.rustup/toolchains/nightly-x86_64-unknown-linux-gnu/lib/rustlib/src/rust/library/test/src/lib.rs:747:60: 747:79
            19: <std::panic::AssertUnwindSafe<{closure@test::run_test_in_process::{closure#0}}> as std::ops::FnOnce<()>>::call_once
                at /home/svirsky/.rustup/toolchains/nightly-x86_64-unknown-linux-gnu/lib/rustlib/src/rust/library/core/src/panic/unwind_safe.rs:275:9: 275:19
            20: std::panicking::catch_unwind::do_call::<std::panic::AssertUnwindSafe<{closure@test::run_test_in_process::{closure#0}}>, std::result::Result<(), std::string::String>>
                at /home/svirsky/.rustup/toolchains/nightly-x86_64-unknown-linux-gnu/lib/rustlib/src/rust/library/std/src/panicking.rs:581:40: 581:43
            21: std::panicking::catch_unwind::<std::result::Result<(), std::string::String>, std::panic::AssertUnwindSafe<{closure@test::run_test_in_process::{closure#0}}>>
                at /home/svirsky/.rustup/toolchains/nightly-x86_64-unknown-linux-gnu/lib/rustlib/src/rust/library/std/src/panicking.rs:544:19: 544:88
            22: std::panic::catch_unwind::<std::panic::AssertUnwindSafe<{closure@test::run_test_in_process::{closure#0}}>, std::result::Result<(), std::string::String>>
                at /home/svirsky/.rustup/toolchains/nightly-x86_64-unknown-linux-gnu/lib/rustlib/src/rust/library/std/src/panic.rs:359:14: 359:40
            23: test::run_test_in_process
                at /home/svirsky/.rustup/toolchains/nightly-x86_64-unknown-linux-gnu/lib/rustlib/src/rust/library/test/src/lib.rs:747:27: 747:81
            24: test::run_test::{closure#0}
                at /home/svirsky/.rustup/toolchains/nightly-x86_64-unknown-linux-gnu/lib/rustlib/src/rust/library/test/src/lib.rs:668:43: 676:18
            25: test::run_test::{closure#1}
                at /home/svirsky/.rustup/toolchains/nightly-x86_64-unknown-linux-gnu/lib/rustlib/src/rust/library/test/src/lib.rs:698:41: 698:83
            26: std::sys::backtrace::__rust_begin_short_backtrace::<{closure@test::run_test::{closure#1}}, ()>
                at /home/svirsky/.rustup/toolchains/nightly-x86_64-unknown-linux-gnu/lib/rustlib/src/rust/library/std/src/sys/backtrace.rs:166:18: 166:21
            27: std::thread::lifecycle::spawn_unchecked::<'_, {closure@test::run_test::{closure#1}}, ()>::{closure#1}::{closure#0}
                at /home/svirsky/.rustup/toolchains/nightly-x86_64-unknown-linux-gnu/lib/rustlib/src/rust/library/std/src/thread/lifecycle.rs:70:13: 70:67
            28: <std::panic::AssertUnwindSafe<{closure@std::thread::lifecycle::spawn_unchecked<'_, {closure@test::run_test::{closure#1}}, ()>::{closure#1}::{closure#0}}> as std::ops::FnOnce<()>>::call_once
                at /home/svirsky/.rustup/toolchains/nightly-x86_64-unknown-linux-gnu/lib/rustlib/src/rust/library/core/src/panic/unwind_safe.rs:275:9: 275:19
            29: std::panicking::catch_unwind::do_call::<std::panic::AssertUnwindSafe<{closure@std::thread::lifecycle::spawn_unchecked<'_, {closure@test::run_test::{closure#1}}, ()>::{closure#1}::{closure#0}}>, ()>
                at /home/svirsky/.rustup/toolchains/nightly-x86_64-unknown-linux-gnu/lib/rustlib/src/rust/library/std/src/panicking.rs:581:40: 581:43
            30: std::panicking::catch_unwind::<(), std::panic::AssertUnwindSafe<{closure@std::thread::lifecycle::spawn_unchecked<'_, {closure@test::run_test::{closure#1}}, ()>::{closure#1}::{closure#0}}>>
                at /home/svirsky/.rustup/toolchains/nightly-x86_64-unknown-linux-gnu/lib/rustlib/src/rust/library/std/src/panicking.rs:544:19: 544:88
            31: std::panic::catch_unwind::<std::panic::AssertUnwindSafe<{closure@std::thread::lifecycle::spawn_unchecked<'_, {closure@test::run_test::{closure#1}}, ()>::{closure#1}::{closure#0}}>, ()>
                at /home/svirsky/.rustup/toolchains/nightly-x86_64-unknown-linux-gnu/lib/rustlib/src/rust/library/std/src/panic.rs:359:14: 359:40
            32: std::thread::lifecycle::spawn_unchecked::<'_, {closure@test::run_test::{closure#1}}, ()>::{closure#1}
                at /home/svirsky/.rustup/toolchains/nightly-x86_64-unknown-linux-gnu/lib/rustlib/src/rust/library/std/src/thread/lifecycle.rs:68:26: 71:12
            33: <{closure@std::thread::lifecycle::spawn_unchecked<'_, {closure@test::run_test::{closure#1}}, ()>::{closure#1}} as std::ops::FnOnce<()>>::call_once - shim(vtable)
                at /home/svirsky/.rustup/toolchains/nightly-x86_64-unknown-linux-gnu/lib/rustlib/src/rust/library/core/src/ops/function.rs:250:5: 250:71
            34: <std::boxed::Box<dyn std::ops::FnOnce() + std::marker::Send> as std::ops::FnOnce<()>>::call_once
                at /home/svirsky/.rustup/toolchains/nightly-x86_64-unknown-linux-gnu/lib/rustlib/src/rust/library/alloc/src/boxed.rs:2275:9: 2275:52
            35: std::sys::thread::unix::Thread::new::thread_start
                at /home/svirsky/.rustup/toolchains/nightly-x86_64-unknown-linux-gnu/lib/rustlib/src/rust/library/std/src/sys/thread/unix.rs:118:17: 118:29

note: set `MIRIFLAGS=-Zmiri-ignore-leaks` to disable this check

error: aborting due to 1 previous error

error: test failed, to rerun pass `--test integration`

Caused by:
  process didn't exit successfully: `/home/svirsky/.rustup/toolchains/nightly-x86_64-unknown-linux-gnu/bin/cargo-miri runner /home/svirsky/repos/yandex/broken-app/repos/origin-of-broken-app-with-hot-fix/target/miri/x86_64-unknown-linux-gnu/debug/deps/integration-0cffcebc8fbb7693` (exit status: 1)
note: test exited abnormally; to see the full output pass --no-capture to the harness.
