warning: unused manifest key: target.cfg(target_os = "linux").rustflags
warning: unused manifest key: unstable
   Compiling broken-app v0.1.0 (/home/svirsky/repos/yandex/broken-app/repos/broken-app-6-optimized)
    Finished `bench` profile [optimized] target(s) in 6.44s
     Running benches/criterion.rs (repos/broken-app-6-optimized/target/release/deps/criterion-4e6ac6b578b38dc3)
Gnuplot not found, using plotters backend
Benchmarking bench_average_positive_with_hot_fix
Benchmarking bench_average_positive_with_hot_fix: Warming up for 3.0000 s
Benchmarking bench_average_positive_with_hot_fix: Collecting 100 samples in estimated 5.0001 s (74M iterations)
Benchmarking bench_average_positive_with_hot_fix: Analyzing
bench_average_positive_with_hot_fix
                        time:   [63.795 ns 66.198 ns 68.756 ns]
                        change: [-3.7679% -0.1021% +3.8788%] (p = 0.96 > 0.05)
                        No change in performance detected.
Found 9 outliers among 100 measurements (9.00%)
  8 (8.00%) high mild
  1 (1.00%) high severe

Benchmarking bench_average_positive_by_reference_app
Benchmarking bench_average_positive_by_reference_app: Warming up for 3.0000 s
Benchmarking bench_average_positive_by_reference_app: Collecting 100 samples in estimated 5.0014 s (11M iterations)
Benchmarking bench_average_positive_by_reference_app: Analyzing
bench_average_positive_by_reference_app
                        time:   [454.24 ns 485.74 ns 525.09 ns]
Found 11 outliers among 100 measurements (11.00%)
  4 (4.00%) high mild
  7 (7.00%) high severe

Benchmarking bench_average_positive_new_optimized
Benchmarking bench_average_positive_new_optimized: Warming up for 3.0000 s
Benchmarking bench_average_positive_new_optimized: Collecting 100 samples in estimated 5.0001 s (132M iterations)
Benchmarking bench_average_positive_new_optimized: Analyzing
bench_average_positive_new_optimized
                        time:   [38.747 ns 40.228 ns 42.084 ns]
                        change: [-7.8865% -3.6331% +0.5878%] (p = 0.11 > 0.05)
                        No change in performance detected.
Found 3 outliers among 100 measurements (3.00%)
  3 (3.00%) high mild

