warning: unused manifest key: target.cfg(target_os = "linux").rustflags
warning: unused manifest key: unstable
    Finished `bench` profile [optimized] target(s) in 0.31s
     Running benches/criterion.rs (repos/broken-app-6-optimized/target/release/deps/criterion-4e6ac6b578b38dc3)
Gnuplot not found, using plotters backend
Benchmarking bench_normalize_with_hot_fix
Benchmarking bench_normalize_with_hot_fix: Warming up for 3.0000 s
Benchmarking bench_normalize_with_hot_fix: Collecting 100 samples in estimated 5.0175 s (949k iterations)
Benchmarking bench_normalize_with_hot_fix: Analyzing
bench_normalize_with_hot_fix
                        time:   [4.6812 µs 4.8052 µs 4.9419 µs]
                        change: [+23.663% +28.403% +32.824%] (p = 0.00 < 0.05)
                        Performance has regressed.
Found 4 outliers among 100 measurements (4.00%)
  2 (2.00%) high mild
  2 (2.00%) high severe

Benchmarking bench_normalize_by_reference_app
Benchmarking bench_normalize_by_reference_app: Warming up for 3.0000 s
Benchmarking bench_normalize_by_reference_app: Collecting 100 samples in estimated 5.0102 s (1.7M iterations)
Benchmarking bench_normalize_by_reference_app: Analyzing
bench_normalize_by_reference_app
                        time:   [2.9974 µs 3.1287 µs 3.2846 µs]
                        change: [+28.362% +35.545% +42.316%] (p = 0.00 < 0.05)
                        Performance has regressed.
Found 4 outliers among 100 measurements (4.00%)
  3 (3.00%) high mild
  1 (1.00%) high severe

Benchmarking bench_normalize_new_optimized
Benchmarking bench_normalize_new_optimized: Warming up for 3.0000 s
Benchmarking bench_normalize_new_optimized: Collecting 100 samples in estimated 5.0028 s (4.0M iterations)
Benchmarking bench_normalize_new_optimized: Analyzing
bench_normalize_new_optimized
                        time:   [676.01 ns 717.32 ns 767.68 ns]
                        change: [+18.848% +25.275% +31.946%] (p = 0.00 < 0.05)
                        Performance has regressed.
Found 6 outliers among 100 measurements (6.00%)
  3 (3.00%) high mild
  3 (3.00%) high severe

