warning: unused manifest key: target.cfg(target_os = "linux").rustflags
warning: unused manifest key: unstable
    Finished `bench` profile [optimized] target(s) in 0.23s
     Running benches/criterion.rs (repos/broken-app-6-optimized/target/release/deps/criterion-4e6ac6b578b38dc3)
Gnuplot not found, using plotters backend
Benchmarking fast_fib_broken
Benchmarking fast_fib_broken: Warming up for 3.0000 s
Benchmarking fast_fib_broken: Collecting 100 samples in estimated 5.0002 s (53M iterations)
Benchmarking fast_fib_broken: Analyzing
fast_fib_broken         time:   [68.196 ns 70.911 ns 73.991 ns]
                        change: [+0.3673% +5.6064% +10.913%] (p = 0.03 < 0.05)
                        Change within noise threshold.
Found 10 outliers among 100 measurements (10.00%)
  7 (7.00%) high mild
  3 (3.00%) high severe

Benchmarking slow_fib_broken
Benchmarking slow_fib_broken: Warming up for 3.0000 s
Benchmarking slow_fib_broken: Collecting 100 samples in estimated 5.6125 s (200 iterations)
Benchmarking slow_fib_broken: Analyzing
slow_fib_broken         time:   [25.340 ms 26.327 ms 27.411 ms]
                        change: [+9.8134% +14.906% +20.278%] (p = 0.00 < 0.05)
                        Performance has regressed.
Found 5 outliers among 100 measurements (5.00%)
  5 (5.00%) high mild

