warning: unnecessary `unsafe` block
  --> src/lib.rs:54:17
   |
48 |     unsafe {
   |     ------ because it's nested under this `unsafe` block
...
54 |         let _ = unsafe { Box::from_raw(std::slice::from_raw_parts_mut(raw, len)) };
   |                 ^^^^^^ unnecessary `unsafe` block
   |
   = note: `#[warn(unused_unsafe)]` (part of `#[warn(unused)]`) on by default

warning[E0133]: dereference of raw pointer is unsafe and requires unsafe block
   --> src/lib.rs:143:15
    |
143 |     let val = *raw;
    |               ^^^^ dereference of raw pointer
    |
    = note: raw pointers may be null, dangling or unaligned; they can violate aliasing rules and cause data races: all of these are undefined behavior
note: an unsafe function restricts its caller, but its body is safe by default
   --> src/lib.rs:140:1
    |
140 | pub unsafe fn use_after_free() -> i32 {
    | ^^^^^^^^^^^^^^^^^^^^^^^^^^^^^^^^^^^^^
    = note: for more information, see <https://doc.rust-lang.org/edition-guide/rust-2024/unsafe-op-in-unsafe-fn.html>
    = note: `#[warn(unsafe_op_in_unsafe_fn)]` (part of `#[warn(rust_2024_compatibility)]`) on by default

warning[E0133]: call to unsafe function `std::boxed::Box::<T>::from_raw` is unsafe and requires unsafe block
   --> src/lib.rs:144:10
    |
144 |     drop(Box::from_raw(raw));
    |          ^^^^^^^^^^^^^^^^^^ call to unsafe function
    |
    = note: consult the function's documentation for information on how to avoid undefined behavior
    = note: for more information, see <https://doc.rust-lang.org/edition-guide/rust-2024/unsafe-op-in-unsafe-fn.html>

warning[E0133]: dereference of raw pointer is unsafe and requires unsafe block
   --> src/lib.rs:145:11
    |
145 |     val + *raw
    |           ^^^^ dereference of raw pointer
    |
    = note: raw pointers may be null, dangling or unaligned; they can violate aliasing rules and cause data races: all of these are undefined behavior
    = note: for more information, see <https://doc.rust-lang.org/edition-guide/rust-2024/unsafe-op-in-unsafe-fn.html>

For more information about this error, try `rustc --explain E0133`.
warning: `broken-app` (lib) generated 4 warnings (run `cargo fix --lib -p broken-app` to apply 1 suggestion)
    Finished `test` profile [unoptimized + debuginfo] target(s) in 0.26s
     Running unittests src/lib.rs (target/miri/x86_64-unknown-linux-gnu/debug/deps/broken_app-192de3c7318aeede)

running 0 tests

test result: ok. 0 passed; 0 failed; 0 ignored; 0 measured; 0 filtered out; finished in 0.03s

     Running unittests src/bin/demo.rs (target/miri/x86_64-unknown-linux-gnu/debug/deps/demo-71dd6a8a0bdb846e)

running 0 tests

test result: ok. 0 passed; 0 failed; 0 ignored; 0 measured; 0 filtered out; finished in 0.03s

     Running unittests src/bin/demo_for_threats.rs (target/miri/x86_64-unknown-linux-gnu/debug/deps/demo_for_threats-75f66e652df624dd)

running 0 tests

test result: ok. 0 passed; 0 failed; 0 ignored; 0 measured; 0 filtered out; finished in 0.03s

     Running tests/integration.rs (target/miri/x86_64-unknown-linux-gnu/debug/deps/integration-945010a35dbd5765)

running 10 tests
test averages_only_positive ... ok
test counts_non_zero_bytes ... ok
test dedup_preserves_uniques ... ok
test fib_small_numbers ... ok
test normalize_simple ... ok
test race_increment_is_correct ... ok
test sums_even_numbers ... ok
test test_leak_buffer_all_non_zero ... ok
test test_leak_buffer_all_zeros ... ok
test test_leak_buffer_zero_vs_nonzero_distinction ... ok

test result: ok. 10 passed; 0 failed; 0 ignored; 0 measured; 0 filtered out; finished in 3.59s

   Doc-tests broken_app

running 0 tests

test result: ok. 0 passed; 0 failed; 0 ignored; 0 measured; 0 filtered out; finished in 0.00s

