   Compiling proc-macro2 v1.0.106
   Compiling unicode-ident v1.0.24
   Compiling quote v1.0.45
   Compiling serde_core v1.0.228
   Compiling crossbeam-utils v0.8.21
   Compiling zerocopy v0.8.48
   Compiling serde v1.0.228
   Compiling autocfg v1.5.0
   Compiling zmij v1.0.21
   Compiling serde_json v1.0.149
   Compiling either v1.15.0
   Compiling libc v0.2.186
   Compiling rayon-core v1.13.0
   Compiling cfg-if v1.0.4
   Compiling num-traits v0.2.19
   Compiling anstyle v1.0.14
   Compiling plotters-backend v0.3.7
   Compiling regex-syntax v0.8.10
   Compiling memchr v2.8.0
   Compiling ciborium-io v0.2.2
   Compiling crossbeam-epoch v0.9.18
   Compiling clap_lex v1.1.0
   Compiling itoa v1.0.18
   Compiling syn v2.0.117
   Compiling crossbeam-deque v0.8.6
   Compiling clap_builder v4.6.0
   Compiling plotters-svg v0.3.7
   Compiling regex-automata v0.4.14
   Compiling itertools v0.10.5
   Compiling broken-app v0.1.0 (/home/svirsky/repos/yandex/broken-app)
   Compiling same-file v1.0.6
   Compiling cast v0.3.0
   Compiling walkdir v2.5.0
   Compiling clap v4.6.1
   Compiling is-terminal v0.4.17
   Compiling criterion-plot v0.5.0
   Compiling plotters v0.3.7
   Compiling regex v1.12.3
   Compiling rayon v1.12.0
   Compiling zerocopy-derive v0.8.48
   Compiling serde_derive v1.0.228
   Compiling oorandom v11.1.5
   Compiling anes v0.1.6
   Compiling once_cell v1.21.4
   Compiling tinytemplate v1.2.1
   Compiling half v2.7.1
   Compiling ciborium-ll v0.2.2
   Compiling ciborium v0.2.2
   Compiling criterion v0.5.1
    Finished `bench` profile [optimized] target(s) in 1m 48s
     Running benches/criterion.rs (target/release/deps/criterion-f76ca9139373ac56)
Gnuplot not found, using plotters backend
Benchmarking sum_even_new_optimized
Benchmarking sum_even_new_optimized: Warming up for 3.0000 s
Benchmarking sum_even_new_optimized: Collecting 100 samples in estimated 5.0379 s (646k iterations)
Benchmarking sum_even_new_optimized: Analyzing
sum_even_new_optimized  time:   [8.1691 µs 8.4616 µs 8.7896 µs]
                        change: [-11.745% -7.0746% -2.2842%] (p = 0.01 < 0.05)
                        Performance has improved.
Found 5 outliers among 100 measurements (5.00%)
  2 (2.00%) high mild
  3 (3.00%) high severe

Benchmarking sum_even_with_hot_fix
Benchmarking sum_even_with_hot_fix: Warming up for 3.0000 s
Benchmarking sum_even_with_hot_fix: Collecting 100 samples in estimated 5.0777 s (252k iterations)
Benchmarking sum_even_with_hot_fix: Analyzing
sum_even_with_hot_fix   time:   [18.497 µs 18.967 µs 19.432 µs]
                        change: [+1.9651% +4.9964% +8.4400%] (p = 0.00 < 0.05)
                        Performance has regressed.
Found 6 outliers among 100 measurements (6.00%)
  5 (5.00%) high mild
  1 (1.00%) high severe

Benchmarking sum_even_by_reference_app
Benchmarking sum_even_by_reference_app: Warming up for 3.0000 s
Benchmarking sum_even_by_reference_app: Collecting 100 samples in estimated 5.0026 s (662k iterations)
Benchmarking sum_even_by_reference_app: Analyzing
sum_even_by_reference_app
                        time:   [7.7551 µs 7.9509 µs 8.1677 µs]
                        change: [+28.062% +31.932% +35.966%] (p = 0.00 < 0.05)
                        Performance has regressed.
Found 6 outliers among 100 measurements (6.00%)
  5 (5.00%) high mild
  1 (1.00%) high severe

Benchmarking bench_average_positive_with_hot_fix
Benchmarking bench_average_positive_with_hot_fix: Warming up for 3.0000 s
Benchmarking bench_average_positive_with_hot_fix: Collecting 100 samples in estimated 5.0000 s (55M iterations)
Benchmarking bench_average_positive_with_hot_fix: Analyzing
bench_average_positive_with_hot_fix
                        time:   [81.706 ns 83.587 ns 85.408 ns]
                        change: [+10.014% +13.753% +17.949%] (p = 0.00 < 0.05)
                        Performance has regressed.
Found 11 outliers among 100 measurements (11.00%)
  3 (3.00%) low mild
  7 (7.00%) high mild
  1 (1.00%) high severe

Benchmarking bench_average_positive_by_reference_app
Benchmarking bench_average_positive_by_reference_app: Warming up for 3.0000 s
Benchmarking bench_average_positive_by_reference_app: Collecting 100 samples in estimated 5.0010 s (6.9M iterations)
Benchmarking bench_average_positive_by_reference_app: Analyzing
bench_average_positive_by_reference_app
                        time:   [717.12 ns 754.35 ns 797.00 ns]
                        change: [+24.234% +29.978% +35.187%] (p = 0.00 < 0.05)
                        Performance has regressed.
Found 6 outliers among 100 measurements (6.00%)
  6 (6.00%) high mild

Benchmarking bench_average_positive_new_optimized
Benchmarking bench_average_positive_new_optimized: Warming up for 3.0000 s
Benchmarking bench_average_positive_new_optimized: Collecting 100 samples in estimated 5.0002 s (99M iterations)
Benchmarking bench_average_positive_new_optimized: Analyzing
bench_average_positive_new_optimized
                        time:   [49.962 ns 51.059 ns 52.143 ns]
                        change: [-4.3725% -1.5163% +1.1115%] (p = 0.27 > 0.05)
                        No change in performance detected.
Found 2 outliers among 100 measurements (2.00%)
  2 (2.00%) high mild

Benchmarking bench_normalize_with_hot_fix
Benchmarking bench_normalize_with_hot_fix: Warming up for 3.0000 s
Benchmarking bench_normalize_with_hot_fix: Collecting 100 samples in estimated 5.0255 s (864k iterations)
Benchmarking bench_normalize_with_hot_fix: Analyzing
bench_normalize_with_hot_fix
                        time:   [5.6304 µs 5.7630 µs 5.9014 µs]
                        change: [-7.4377% -4.7566% -1.5745%] (p = 0.00 < 0.05)
                        Performance has improved.
Found 1 outliers among 100 measurements (1.00%)
  1 (1.00%) high severe

Benchmarking bench_normalize_by_reference_app
Benchmarking bench_normalize_by_reference_app: Warming up for 3.0000 s
Benchmarking bench_normalize_by_reference_app: Collecting 100 samples in estimated 5.0141 s (1.6M iterations)
Benchmarking bench_normalize_by_reference_app: Analyzing
bench_normalize_by_reference_app
                        time:   [2.7812 µs 2.9085 µs 3.0691 µs]
                        change: [+4.9295% +10.466% +16.446%] (p = 0.00 < 0.05)
                        Performance has regressed.
Found 8 outliers among 100 measurements (8.00%)
  4 (4.00%) high mild
  4 (4.00%) high severe

Benchmarking bench_normalize_new_optimized
Benchmarking bench_normalize_new_optimized: Warming up for 3.0000 s
Benchmarking bench_normalize_new_optimized: Collecting 100 samples in estimated 5.0005 s (5.4M iterations)
Benchmarking bench_normalize_new_optimized: Analyzing
bench_normalize_new_optimized
                        time:   [852.42 ns 881.08 ns 914.97 ns]
                        change: [+7.1837% +10.830% +14.380%] (p = 0.00 < 0.05)
                        Performance has regressed.
Found 4 outliers among 100 measurements (4.00%)
  4 (4.00%) high mild

Benchmarking fast_fib_broken
Benchmarking fast_fib_broken: Warming up for 3.0000 s
Benchmarking fast_fib_broken: Collecting 100 samples in estimated 5.0004 s (52M iterations)
Benchmarking fast_fib_broken: Analyzing
fast_fib_broken         time:   [127.83 ns 131.91 ns 136.26 ns]
                        change: [+4.5523% +8.8458% +13.618%] (p = 0.00 < 0.05)
                        Performance has regressed.
Found 9 outliers among 100 measurements (9.00%)
  7 (7.00%) high mild
  2 (2.00%) high severe

Benchmarking slow_fib_broken
Benchmarking slow_fib_broken: Warming up for 3.0000 s
Benchmarking slow_fib_broken: Collecting 100 samples in estimated 5.9765 s (200 iterations)
Benchmarking slow_fib_broken: Analyzing
slow_fib_broken         time:   [29.350 ms 30.403 ms 31.511 ms]
                        change: [-14.355% -10.225% -6.1910%] (p = 0.00 < 0.05)
                        Performance has improved.
Found 5 outliers among 100 measurements (5.00%)
  5 (5.00%) high mild

Benchmarking slow_dedup_broken
Benchmarking slow_dedup_broken: Warming up for 3.0000 s

Warning: Unable to complete 100 samples in 5.0s. You may wish to increase target time to 6.6s, or reduce sample count to 70.
Benchmarking slow_dedup_broken: Collecting 100 samples in estimated 6.6029 s (100 iterations)
Benchmarking slow_dedup_broken: Analyzing
slow_dedup_broken       time:   [62.971 ms 64.909 ms 66.917 ms]
                        change: [-4.4095% -1.1340% +2.3762%] (p = 0.54 > 0.05)
                        No change in performance detected.
Found 1 outliers among 100 measurements (1.00%)
  1 (1.00%) high mild

Benchmarking bench_fast_dedup
Benchmarking bench_fast_dedup: Warming up for 3.0000 s
Benchmarking bench_fast_dedup: Collecting 100 samples in estimated 6.9665 s (10k iterations)
Benchmarking bench_fast_dedup: Analyzing
bench_fast_dedup        time:   [554.86 µs 581.51 µs 611.29 µs]
                        change: [+5.6989% +9.3177% +13.221%] (p = 0.00 < 0.05)
                        Performance has regressed.
Found 7 outliers among 100 measurements (7.00%)
  4 (4.00%) high mild
  3 (3.00%) high severe

