   Compiling serde_core v1.0.228
   Compiling crossbeam-utils v0.8.21
   Compiling zerocopy v0.8.48
   Compiling zmij v1.0.21
   Compiling serde v1.0.228
   Compiling cfg-if v1.0.4
   Compiling either v1.15.0
   Compiling serde_json v1.0.149
   Compiling libc v0.2.186
   Compiling num-traits v0.2.19
   Compiling rayon-core v1.13.0
   Compiling ciborium-io v0.2.2
   Compiling anstyle v1.0.14
   Compiling plotters-backend v0.3.7
   Compiling clap_lex v1.1.0
   Compiling itoa v1.0.18
   Compiling memchr v2.8.0
   Compiling regex-syntax v0.8.10
   Compiling plotters-svg v0.3.7
   Compiling itertools v0.10.5
   Compiling clap_builder v4.6.0
   Compiling crossbeam-epoch v0.9.18
   Compiling crossbeam-deque v0.8.6
   Compiling cast v0.3.0
   Compiling regex-automata v0.4.14
   Compiling same-file v1.0.6
   Compiling walkdir v2.5.0
   Compiling clap v4.6.1
   Compiling rayon v1.12.0
   Compiling is-terminal v0.4.17
   Compiling criterion-plot v0.5.0
   Compiling regex v1.12.3
   Compiling plotters v0.3.7
   Compiling tinytemplate v1.2.1
   Compiling half v2.7.1
   Compiling broken-app v0.1.0 (/home/svirsky/repos/yandex/broken-app)
   Compiling anes v0.1.6
   Compiling ciborium-ll v0.2.2
   Compiling oorandom v11.1.5
   Compiling once_cell v1.21.4
   Compiling ciborium v0.2.2
   Compiling criterion v0.5.1
    Finished `test` profile [unoptimized + debuginfo] target(s) in 54.30s
     Running unittests src/lib.rs (target/x86_64-unknown-linux-gnu/debug/deps/broken_app-6467be40418574bd)

running 0 tests

test result: ok. 0 passed; 0 failed; 0 ignored; 0 measured; 0 filtered out; finished in 0.00s

     Running unittests src/bin/demo.rs (target/x86_64-unknown-linux-gnu/debug/deps/demo-b0e8ac72551c0579)

running 0 tests

test result: ok. 0 passed; 0 failed; 0 ignored; 0 measured; 0 filtered out; finished in 0.00s

     Running unittests src/bin/demo_for_threats.rs (target/x86_64-unknown-linux-gnu/debug/deps/demo_for_threats-1f7aa92abecb9846)

running 0 tests

test result: ok. 0 passed; 0 failed; 0 ignored; 0 measured; 0 filtered out; finished in 0.00s

     Running tests/integration.rs (target/x86_64-unknown-linux-gnu/debug/deps/integration-75cd9e836d2b356d)

running 10 tests
test averages_only_positive ... ok
test fib_small_numbers ... ok
test counts_non_zero_bytes ... ok
test dedup_preserves_uniques ... ok
test normalize_simple ... ok
test sums_even_numbers ... ok
test test_leak_buffer_all_zeros ... ok
test test_leak_buffer_all_non_zero ... ok
test race_increment_is_correct ... ok
test test_leak_buffer_zero_vs_nonzero_distinction ... ok

test result: ok. 10 passed; 0 failed; 0 ignored; 0 measured; 0 filtered out; finished in 0.01s

   Doc-tests broken_app

running 0 tests

test result: ok. 0 passed; 0 failed; 0 ignored; 0 measured; 0 filtered out; finished in 0.00s

