warning: unused manifest key: target.cfg(target_os = "linux").rustflags
warning: unused manifest key: unstable
   Compiling proc-macro2 v1.0.103
   Compiling quote v1.0.42
   Compiling unicode-ident v1.0.22
   Compiling crossbeam-utils v0.8.21
   Compiling serde_core v1.0.228
   Compiling zerocopy v0.8.31
   Compiling serde v1.0.228
   Compiling autocfg v1.5.0
   Compiling rayon-core v1.13.0
   Compiling cfg-if v1.0.4
   Compiling either v1.15.0
   Compiling libc v0.2.178
   Compiling serde_json v1.0.145
   Compiling ryu v1.0.20
   Compiling regex-syntax v0.8.8
   Compiling num-traits v0.2.19
   Compiling memchr v2.7.6
   Compiling plotters-backend v0.3.7
   Compiling ciborium-io v0.2.2
   Compiling clap_lex v0.7.6
   Compiling itoa v1.0.15
   Compiling crossbeam-epoch v0.9.18
   Compiling anstyle v1.0.13
   Compiling syn v2.0.111
   Compiling plotters-svg v0.3.7
   Compiling crossbeam-deque v0.8.6
   Compiling clap_builder v4.5.53
   Compiling itertools v0.10.5
   Compiling regex-automata v0.4.13
   Compiling same-file v1.0.6
   Compiling cast v0.3.0
   Compiling broken-app v0.1.0 (/home/svirsky/repos/yandex/broken-app/repos/broken-app-5.1-fixup-criterion-for-broken-app)
   Compiling clap v4.5.53
   Compiling walkdir v2.5.0
   Compiling criterion-plot v0.5.0
   Compiling is-terminal v0.4.17
   Compiling rayon v1.11.0
   Compiling regex v1.12.2
   Compiling plotters v0.3.7
   Compiling zerocopy-derive v0.8.31
   Compiling serde_derive v1.0.228
   Compiling anes v0.1.6
   Compiling once_cell v1.21.3
   Compiling oorandom v11.1.5
   Compiling half v2.7.1
   Compiling ciborium-ll v0.2.2
   Compiling tinytemplate v1.2.1
   Compiling ciborium v0.2.2
   Compiling criterion v0.5.1
    Finished `bench` profile [optimized] target(s) in 1m 32s
     Running benches/criterion.rs (repos/broken-app-5.1-fixup-criterion-for-broken-app/target/release/deps/criterion-4e6ac6b578b38dc3)
Gnuplot not found, using plotters backend
Benchmarking sum_even_broken
Benchmarking sum_even_broken: Warming up for 3.0000 s
Benchmarking sum_even_broken: Collecting 100 samples in estimated 5.4849 s (30k iterations)
Benchmarking sum_even_broken: Analyzing
sum_even_broken         time:   [146.57 µs 150.48 µs 154.83 µs]
                        change: [-16.346% -12.940% -9.5176%] (p = 0.00 < 0.05)
                        Performance has improved.
Found 28 outliers among 100 measurements (28.00%)
  12 (12.00%) low severe
  7 (7.00%) low mild
  4 (4.00%) high mild
  5 (5.00%) high severe

Benchmarking slow_fib_broken
Benchmarking slow_fib_broken: Warming up for 3.0000 s
Benchmarking slow_fib_broken: Collecting 100 samples in estimated 5.9867 s (200 iterations)
Benchmarking slow_fib_broken: Analyzing
slow_fib_broken         time:   [28.616 ms 29.294 ms 30.008 ms]
                        change: [+10.886% +14.633% +18.517%] (p = 0.00 < 0.05)
                        Performance has regressed.
Found 2 outliers among 100 measurements (2.00%)
  2 (2.00%) high mild

Benchmarking slow_dedup_broken
Benchmarking slow_dedup_broken: Warming up for 3.0000 s

Warning: Unable to complete 100 samples in 5.0s. You may wish to increase target time to 7.0s, or reduce sample count to 70.
Benchmarking slow_dedup_broken: Collecting 100 samples in estimated 6.9707 s (100 iterations)
Benchmarking slow_dedup_broken: Analyzing
slow_dedup_broken       time:   [57.758 ms 59.114 ms 60.497 ms]
                        change: [+20.372% +24.003% +27.970%] (p = 0.00 < 0.05)
                        Performance has regressed.
Found 1 outliers among 100 measurements (1.00%)
  1 (1.00%) high mild

Benchmarking bench_average_positive
Benchmarking bench_average_positive: Warming up for 3.0000 s
Benchmarking bench_average_positive: Collecting 100 samples in estimated 5.0000 s (52M iterations)
Benchmarking bench_average_positive: Analyzing
bench_average_positive  time:   [83.293 ns 84.811 ns 86.398 ns]
                        change: [+32.577% +36.400% +40.083%] (p = 0.00 < 0.05)
                        Performance has regressed.
Found 1 outliers among 100 measurements (1.00%)
  1 (1.00%) high mild

