warning: unused manifest key: target.cfg(target_os = "linux").rustflags
warning: unused manifest key: unstable
warning: unnecessary `unsafe` block
  --> src/lib.rs:32:17
   |
26 |     unsafe {
   |     ------ because it's nested under this `unsafe` block
...
32 |         let _ = unsafe { Box::from_raw(std::slice::from_raw_parts_mut(raw, len)) };
   |                 ^^^^^^ unnecessary `unsafe` block
   |
   = note: `#[warn(unused_unsafe)]` (part of `#[warn(unused)]`) on by default

warning[E0133]: dereference of raw pointer is unsafe and requires unsafe block
  --> src/lib.rs:58:15
   |
58 |     let val = *raw;
   |               ^^^^ dereference of raw pointer
   |
   = note: raw pointers may be null, dangling or unaligned; they can violate aliasing rules and cause data races: all of these are undefined behavior
note: an unsafe function restricts its caller, but its body is safe by default
  --> src/lib.rs:55:1
   |
55 | pub unsafe fn use_after_free() -> i32 {
   | ^^^^^^^^^^^^^^^^^^^^^^^^^^^^^^^^^^^^^
   = note: for more information, see <https://doc.rust-lang.org/edition-guide/rust-2024/unsafe-op-in-unsafe-fn.html>
   = note: `#[warn(unsafe_op_in_unsafe_fn)]` (part of `#[warn(rust_2024_compatibility)]`) on by default

warning[E0133]: call to unsafe function `std::boxed::Box::<T>::from_raw` is unsafe and requires unsafe block
  --> src/lib.rs:59:10
   |
59 |     drop(Box::from_raw(raw));
   |          ^^^^^^^^^^^^^^^^^^ call to unsafe function
   |
   = note: consult the function's documentation for information on how to avoid undefined behavior
   = note: for more information, see <https://doc.rust-lang.org/edition-guide/rust-2024/unsafe-op-in-unsafe-fn.html>

warning[E0133]: dereference of raw pointer is unsafe and requires unsafe block
  --> src/lib.rs:60:11
   |
60 |     val + *raw
   |           ^^^^ dereference of raw pointer
   |
   = note: raw pointers may be null, dangling or unaligned; they can violate aliasing rules and cause data races: all of these are undefined behavior
   = note: for more information, see <https://doc.rust-lang.org/edition-guide/rust-2024/unsafe-op-in-unsafe-fn.html>

For more information about this error, try `rustc --explain E0133`.
warning: `broken-app` (lib) generated 4 warnings (run `cargo fix --lib -p broken-app` to apply 1 suggestion)
warning: `broken-app` (lib test) generated 4 warnings (4 duplicates)
    Finished `test` profile [unoptimized + debuginfo] target(s) in 0.20s
     Running unittests src/lib.rs (repos/broken-app-2.4-fix-leak-buffer-after-miri/target/x86_64-unknown-linux-gnu/debug/deps/broken_app-16dce29aaca701d7)

running 0 tests

test result: ok. 0 passed; 0 failed; 0 ignored; 0 measured; 0 filtered out; finished in 0.00s

     Running unittests src/bin/demo.rs (repos/broken-app-2.4-fix-leak-buffer-after-miri/target/x86_64-unknown-linux-gnu/debug/deps/demo-95c665d9105a608f)

running 0 tests

test result: ok. 0 passed; 0 failed; 0 ignored; 0 measured; 0 filtered out; finished in 0.00s

     Running tests/integration.rs (repos/broken-app-2.4-fix-leak-buffer-after-miri/target/x86_64-unknown-linux-gnu/debug/deps/integration-a4fdbff301df0fb7)

running 6 tests
/usr/bin/addr2line: DWARF error: invalid or unhandled FORM value: 0x23
==================
WARNING: ThreadSanitizer: data race (pid=2359557)
  Write of size 8 at 0x729400000148 by thread T2:
    #0 memcpy ??:? (integration-a4fdbff301df0fb7+0x6c82e) (BuildId: 63a719d20515dfa93006ddc55268ce93f2fe41ec)
    #1 <std::sync::mpmc::Sender<test::event::CompletedTest>>::send test.905ab08d71382a9a-cgu.0:? (integration-a4fdbff301df0fb7+0x115892) (BuildId: 63a719d20515dfa93006ddc55268ce93f2fe41ec)

  Previous write of size 8 at 0x729400000148 by thread T1:
    #0 calloc ??:? (integration-a4fdbff301df0fb7+0x6f7c7) (BuildId: 63a719d20515dfa93006ddc55268ce93f2fe41ec)
    #1 <std::sync::mpmc::Sender<test::event::CompletedTest>>::send test.905ab08d71382a9a-cgu.0:? (integration-a4fdbff301df0fb7+0x114f20) (BuildId: 63a719d20515dfa93006ddc55268ce93f2fe41ec)

  Location is heap block of size 9680 at 0x729400000000 allocated by thread T1:
    #0 calloc ??:? (integration-a4fdbff301df0fb7+0x6f7c7) (BuildId: 63a719d20515dfa93006ddc55268ce93f2fe41ec)
    #1 <std::sync::mpmc::Sender<test::event::CompletedTest>>::send test.905ab08d71382a9a-cgu.0:? (integration-a4fdbff301df0fb7+0x114f20) (BuildId: 63a719d20515dfa93006ddc55268ce93f2fe41ec)

  Thread T2 'counts_non_zero' (tid=2359560, running) created by main thread at:
    #0 pthread_create ??:? (integration-a4fdbff301df0fb7+0x7132a) (BuildId: 63a719d20515dfa93006ddc55268ce93f2fe41ec)
    #1 <std::sys::thread::unix::Thread>::new ??:? (integration-a4fdbff301df0fb7+0x165970) (BuildId: 63a719d20515dfa93006ddc55268ce93f2fe41ec)
    #2 <fn() as core::ops::function::FnOnce<()>>::call_once 9clmb480jyymebpw9lpljmjde:? (integration-a4fdbff301df0fb7+0xfa00e) (BuildId: 63a719d20515dfa93006ddc55268ce93f2fe41ec)
    #3 std::sys::backtrace::__rust_begin_short_backtrace::<fn(), ()> 60npvgldxurichfzwaax53lq4:? (integration-a4fdbff301df0fb7+0xf9a21) (BuildId: 63a719d20515dfa93006ddc55268ce93f2fe41ec)
    #4 std::rt::lang_start::<()>::{closure#0} e32q4edx1w1i0ye79m0mehmua:? (integration-a4fdbff301df0fb7+0xfabbe) (BuildId: 63a719d20515dfa93006ddc55268ce93f2fe41ec)
    #5 std::rt::lang_start_internal ??:? (integration-a4fdbff301df0fb7+0x178a66) (BuildId: 63a719d20515dfa93006ddc55268ce93f2fe41ec)
    #6 main ??:? (integration-a4fdbff301df0fb7+0xf9669) (BuildId: 63a719d20515dfa93006ddc55268ce93f2fe41ec)

  Thread T1 'averages_only_p' (tid=2359559, finished) created by main thread at:
    #0 pthread_create ??:? (integration-a4fdbff301df0fb7+0x7132a) (BuildId: 63a719d20515dfa93006ddc55268ce93f2fe41ec)
    #1 <std::sys::thread::unix::Thread>::new ??:? (integration-a4fdbff301df0fb7+0x165970) (BuildId: 63a719d20515dfa93006ddc55268ce93f2fe41ec)
    #2 <fn() as core::ops::function::FnOnce<()>>::call_once 9clmb480jyymebpw9lpljmjde:? (integration-a4fdbff301df0fb7+0xfa00e) (BuildId: 63a719d20515dfa93006ddc55268ce93f2fe41ec)
    #3 std::sys::backtrace::__rust_begin_short_backtrace::<fn(), ()> 60npvgldxurichfzwaax53lq4:? (integration-a4fdbff301df0fb7+0xf9a21) (BuildId: 63a719d20515dfa93006ddc55268ce93f2fe41ec)
    #4 std::rt::lang_start::<()>::{closure#0} e32q4edx1w1i0ye79m0mehmua:? (integration-a4fdbff301df0fb7+0xfabbe) (BuildId: 63a719d20515dfa93006ddc55268ce93f2fe41ec)
    #5 std::rt::lang_start_internal ??:? (integration-a4fdbff301df0fb7+0x178a66) (BuildId: 63a719d20515dfa93006ddc55268ce93f2fe41ec)
    #6 main ??:? (integration-a4fdbff301df0fb7+0xf9669) (BuildId: 63a719d20515dfa93006ddc55268ce93f2fe41ec)

SUMMARY: ThreadSanitizer: data race ??:? in memcpy
==================
==================
WARNING: ThreadSanitizer: data race (pid=2359557)
  Read of size 8 at 0x729400000010 by main thread:
    #0 memcpy ??:? (integration-a4fdbff301df0fb7+0x6c82e) (BuildId: 63a719d20515dfa93006ddc55268ce93f2fe41ec)
    #1 <std::sync::mpmc::list::Channel<test::event::CompletedTest>>::recv test.905ab08d71382a9a-cgu.0:? (integration-a4fdbff301df0fb7+0x114740) (BuildId: 63a719d20515dfa93006ddc55268ce93f2fe41ec)
    #2 <fn() as core::ops::function::FnOnce<()>>::call_once 9clmb480jyymebpw9lpljmjde:? (integration-a4fdbff301df0fb7+0xfa00e) (BuildId: 63a719d20515dfa93006ddc55268ce93f2fe41ec)
    #3 std::sys::backtrace::__rust_begin_short_backtrace::<fn(), ()> 60npvgldxurichfzwaax53lq4:? (integration-a4fdbff301df0fb7+0xf9a21) (BuildId: 63a719d20515dfa93006ddc55268ce93f2fe41ec)
    #4 std::rt::lang_start::<()>::{closure#0} e32q4edx1w1i0ye79m0mehmua:? (integration-a4fdbff301df0fb7+0xfabbe) (BuildId: 63a719d20515dfa93006ddc55268ce93f2fe41ec)
    #5 std::rt::lang_start_internal ??:? (integration-a4fdbff301df0fb7+0x178a66) (BuildId: 63a719d20515dfa93006ddc55268ce93f2fe41ec)
    #6 main ??:? (integration-a4fdbff301df0fb7+0xf9669) (BuildId: 63a719d20515dfa93006ddc55268ce93f2fe41ec)

  Previous write of size 8 at 0x729400000010 by thread T1:
    #0 memcpy ??:? (integration-a4fdbff301df0fb7+0x6c82e) (BuildId: 63a719d20515dfa93006ddc55268ce93f2fe41ec)
    #1 <std::sync::mpmc::Sender<test::event::CompletedTest>>::send test.905ab08d71382a9a-cgu.0:? (integration-a4fdbff301df0fb7+0x115892) (BuildId: 63a719d20515dfa93006ddc55268ce93f2fe41ec)

  Location is heap block of size 9680 at 0x729400000000 allocated by thread T1:
    #0 calloc ??:? (integration-a4fdbff301df0fb7+0x6f7c7) (BuildId: 63a719d20515dfa93006ddc55268ce93f2fe41ec)
    #1 <std::sync::mpmc::Sender<test::event::CompletedTest>>::send test.905ab08d71382a9a-cgu.0:? (integration-a4fdbff301df0fb7+0x114f20) (BuildId: 63a719d20515dfa93006ddc55268ce93f2fe41ec)

  Thread T1 'averages_only_p' (tid=2359559, finished) created by main thread at:
    #0 pthread_create ??:? (integration-a4fdbff301df0fb7+0x7132a) (BuildId: 63a719d20515dfa93006ddc55268ce93f2fe41ec)
    #1 <std::sys::thread::unix::Thread>::new ??:? (integration-a4fdbff301df0fb7+0x165970) (BuildId: 63a719d20515dfa93006ddc55268ce93f2fe41ec)
    #2 <fn() as core::ops::function::FnOnce<()>>::call_once 9clmb480jyymebpw9lpljmjde:? (integration-a4fdbff301df0fb7+0xfa00e) (BuildId: 63a719d20515dfa93006ddc55268ce93f2fe41ec)
    #3 std::sys::backtrace::__rust_begin_short_backtrace::<fn(), ()> 60npvgldxurichfzwaax53lq4:? (integration-a4fdbff301df0fb7+0xf9a21) (BuildId: 63a719d20515dfa93006ddc55268ce93f2fe41ec)
    #4 std::rt::lang_start::<()>::{closure#0} e32q4edx1w1i0ye79m0mehmua:? (integration-a4fdbff301df0fb7+0xfabbe) (BuildId: 63a719d20515dfa93006ddc55268ce93f2fe41ec)
    #5 std::rt::lang_start_internal ??:? (integration-a4fdbff301df0fb7+0x178a66) (BuildId: 63a719d20515dfa93006ddc55268ce93f2fe41ec)
    #6 main ??:? (integration-a4fdbff301df0fb7+0xf9669) (BuildId: 63a719d20515dfa93006ddc55268ce93f2fe41ec)

SUMMARY: ThreadSanitizer: data race ??:? in memcpy
==================
test averages_only_positive ... ok
test counts_non_zero_bytes ... ok
test dedup_preserves_uniques ... ok
test fib_small_numbers ... ok
test normalize_simple ... ok
test sums_even_numbers ... ok

test result: ok. 6 passed; 0 failed; 0 ignored; 0 measured; 0 filtered out; finished in 5.09s

ThreadSanitizer: reported 2 warnings
error: test failed, to rerun pass `--test integration`

Caused by:
  process didn't exit successfully: `/home/svirsky/repos/yandex/broken-app/repos/broken-app-2.4-fix-leak-buffer-after-miri/target/x86_64-unknown-linux-gnu/debug/deps/integration-a4fdbff301df0fb7` (exit status: 66)
note: test exited abnormally; to see the full output pass --no-capture to the harness.
