warning: unused manifest key: target.cfg(target_os = "linux").rustflags
warning: unused manifest key: unstable
   Compiling proc-macro2 v1.0.103
   Compiling unicode-ident v1.0.22
   Compiling quote v1.0.42
   Compiling crossbeam-utils v0.8.21
   Compiling serde_core v1.0.228
   Compiling zerocopy v0.8.31
   Compiling autocfg v1.5.0
   Compiling serde v1.0.228
   Compiling serde_json v1.0.145
   Compiling cfg-if v1.0.4
   Compiling rayon-core v1.13.0
   Compiling either v1.15.0
   Compiling libc v0.2.178
   Compiling ryu v1.0.20
   Compiling plotters-backend v0.3.7
   Compiling clap_lex v0.7.6
   Compiling ciborium-io v0.2.2
   Compiling regex-syntax v0.8.8
   Compiling num-traits v0.2.19
   Compiling anstyle v1.0.13
   Compiling crossbeam-epoch v0.9.18
   Compiling memchr v2.7.6
   Compiling crossbeam-deque v0.8.6
   Compiling syn v2.0.111
   Compiling itoa v1.0.15
   Compiling clap_builder v4.5.53
   Compiling regex-automata v0.4.13
   Compiling plotters-svg v0.3.7
   Compiling itertools v0.10.5
   Compiling same-file v1.0.6
   Compiling cast v0.3.0
   Compiling walkdir v2.5.0
   Compiling plotters v0.3.7
   Compiling is-terminal v0.4.17
   Compiling clap v4.5.53
   Compiling rayon v1.11.0
   Compiling criterion-plot v0.5.0
   Compiling regex v1.12.2
   Compiling once_cell v1.21.3
   Compiling oorandom v11.1.5
   Compiling anes v0.1.6
   Compiling broken-app v0.1.0 (/home/svirsky/repos/yandex/broken-app/repos/broken-app-2.4-fix-leak-buffer-after-miri)
warning: unnecessary `unsafe` block
  --> src/lib.rs:32:17
   |
26 |     unsafe {
   |     ------ because it's nested under this `unsafe` block
...
32 |         let _ = unsafe { Box::from_raw(std::slice::from_raw_parts_mut(raw, len)) };
   |                 ^^^^^^ unnecessary `unsafe` block
   |
   = note: `#[warn(unused_unsafe)]` (part of `#[warn(unused)]`) on by default

warning[E0133]: dereference of raw pointer is unsafe and requires unsafe block
  --> src/lib.rs:58:15
   |
58 |     let val = *raw;
   |               ^^^^ dereference of raw pointer
   |
   = note: raw pointers may be null, dangling or unaligned; they can violate aliasing rules and cause data races: all of these are undefined behavior
note: an unsafe function restricts its caller, but its body is safe by default
  --> src/lib.rs:55:1
   |
55 | pub unsafe fn use_after_free() -> i32 {
   | ^^^^^^^^^^^^^^^^^^^^^^^^^^^^^^^^^^^^^
   = note: for more information, see <https://doc.rust-lang.org/edition-guide/rust-2024/unsafe-op-in-unsafe-fn.html>
   = note: `#[warn(unsafe_op_in_unsafe_fn)]` (part of `#[warn(rust_2024_compatibility)]`) on by default

warning[E0133]: call to unsafe function `std::boxed::Box::<T>::from_raw` is unsafe and requires unsafe block
  --> src/lib.rs:59:10
   |
59 |     drop(Box::from_raw(raw));
   |          ^^^^^^^^^^^^^^^^^^ call to unsafe function
   |
   = note: consult the function's documentation for information on how to avoid undefined behavior
   = note: for more information, see <https://doc.rust-lang.org/edition-guide/rust-2024/unsafe-op-in-unsafe-fn.html>

warning[E0133]: dereference of raw pointer is unsafe and requires unsafe block
  --> src/lib.rs:60:11
   |
60 |     val + *raw
   |           ^^^^ dereference of raw pointer
   |
   = note: raw pointers may be null, dangling or unaligned; they can violate aliasing rules and cause data races: all of these are undefined behavior
   = note: for more information, see <https://doc.rust-lang.org/edition-guide/rust-2024/unsafe-op-in-unsafe-fn.html>

For more information about this error, try `rustc --explain E0133`.
warning: `broken-app` (lib) generated 4 warnings (run `cargo fix --lib -p broken-app` to apply 1 suggestion)
   Compiling zerocopy-derive v0.8.31
   Compiling serde_derive v1.0.228
   Compiling half v2.7.1
   Compiling ciborium-ll v0.2.2
   Compiling tinytemplate v1.2.1
   Compiling ciborium v0.2.2
   Compiling criterion v0.5.1
warning: `broken-app` (lib test) generated 4 warnings (4 duplicates)
    Finished `test` profile [unoptimized + debuginfo] target(s) in 1m 04s
     Running unittests src/lib.rs (repos/broken-app-2.4-fix-leak-buffer-after-miri/target/x86_64-unknown-linux-gnu/debug/deps/broken_app-1caf452b67524856)

running 0 tests

test result: ok. 0 passed; 0 failed; 0 ignored; 0 measured; 0 filtered out; finished in 0.00s

     Running unittests src/bin/demo.rs (repos/broken-app-2.4-fix-leak-buffer-after-miri/target/x86_64-unknown-linux-gnu/debug/deps/demo-c29aa572d6c52ff3)

running 0 tests

test result: ok. 0 passed; 0 failed; 0 ignored; 0 measured; 0 filtered out; finished in 0.00s

     Running tests/integration.rs (repos/broken-app-2.4-fix-leak-buffer-after-miri/target/x86_64-unknown-linux-gnu/debug/deps/integration-2380653498102c9e)

running 6 tests
test averages_only_positive ... ok
test counts_non_zero_bytes ... ok
test dedup_preserves_uniques ... ok
test fib_small_numbers ... ok
test normalize_simple ... ok
test sums_even_numbers ... ok

test result: ok. 6 passed; 0 failed; 0 ignored; 0 measured; 0 filtered out; finished in 0.01s

   Doc-tests broken_app

running 0 tests

test result: ok. 0 passed; 0 failed; 0 ignored; 0 measured; 0 filtered out; finished in 0.00s

